// Jest Snapshot v1, https://goo.gl/fbAQLP

exports[`Home should render 1`] = `
<div
  className="wrapper"
>
  <h1
    className="title"
  >
    FrontStand
  </h1>
  <button
    onClick={[Function]}
  >
    Click for change title
  </button>
</div>
`;
